░▒▓███████▓▒░░▒▓████████▓▒░▒▓███████▓▒░ ░▒▓███████▓▒░▒▓████████▓▒░▒▓████████▓▒░▒▓█▓▒░░▒▓█▓▒░ 
░▒▓█▓▒░░▒▓█▓▒░▒▓█▓▒░      ░▒▓█▓▒░░▒▓█▓▒░▒▓█▓▒░      ░▒▓█▓▒░      ░▒▓█▓▒░      ░▒▓█▓▒░░▒▓█▓▒░ 
░▒▓█▓▒░░▒▓█▓▒░▒▓█▓▒░      ░▒▓█▓▒░░▒▓█▓▒░▒▓█▓▒░      ░▒▓█▓▒░      ░▒▓█▓▒░      ░▒▓█▓▒░░▒▓█▓▒░ 
░▒▓███████▓▒░░▒▓██████▓▒░ ░▒▓█▓▒░░▒▓█▓▒░░▒▓██████▓▒░░▒▓██████▓▒░ ░▒▓██████▓▒░ ░▒▓███████▓▒░  
░▒▓█▓▒░      ░▒▓█▓▒░      ░▒▓█▓▒░░▒▓█▓▒░      ░▒▓█▓▒░▒▓█▓▒░      ░▒▓█▓▒░      ░▒▓█▓▒░░▒▓█▓▒░ 
░▒▓█▓▒░      ░▒▓█▓▒░      ░▒▓█▓▒░░▒▓█▓▒░      ░▒▓█▓▒░▒▓█▓▒░      ░▒▓█▓▒░      ░▒▓█▓▒░░▒▓█▓▒░ 
░▒▓█▓▒░      ░▒▓████████▓▒░▒▓█▓▒░░▒▓█▓▒░▒▓███████▓▒░░▒▓████████▓▒░▒▓████████▓▒░▒▓█▓▒░░▒▓█▓▒░ 
                                                                                             
Penseek 1.0 - Offline CVE db reader.
